std_abs.h:74:3:constexpr float std::abs(float)	16	static
main.cpp:120:5:int main()	40	static
main.cpp:276:6:void SystemClock_Config()	232	static
main.cpp:330:13:void MX_CAN1_Init()	8	static
main.cpp:367:13:void MX_I2C2_Init()	8	static
main.cpp:413:13:void MX_TIM2_Init()	40	static
main.cpp:458:13:void MX_TIM16_Init()	80	static
main.cpp:520:13:void MX_TIM17_Init()	80	static
main.cpp:582:13:void MX_GPIO_Init()	40	static
main.cpp:604:6:void HAL_TIM_PeriodElapsedCallback(TIM_HandleTypeDef*)	72	static
main.cpp:741:6:void Error_Handler()	4	static
