cmath:338:3:constexpr float std::log(float)	16	static
main.cpp:135:5:int main()	96	static
main.cpp:406:6:void SystemClock_Config()	232	static
main.cpp:470:13:void MX_ADC1_Init()	48	static
main.cpp:534:13:void MX_CAN1_Init()	8	static
main.cpp:571:13:void MX_SPI2_Init()	8	static
main.cpp:611:13:void MX_TIM3_Init()	40	static
main.cpp:656:13:void MX_UART4_Init()	8	static
main.cpp:691:13:void MX_USART2_UART_Init()	8	static
main.cpp:726:13:void MX_GPIO_Init()	48	static
main.cpp:801:6:void HAL_GPIO_EXTI_Callback(uint16_t)	16	static
main.cpp:810:6:void atualizaCAN(Z_CAN_Package, LoRaPacket*)	80	static
main.cpp:864:7:float tempADC(ADC_HandleTypeDef*, float)	56	static
main.cpp:902:6:void Error_Handler()	4	static
main.cpp:908:1:void __static_initialization_and_destruction_0(int, int)	16	static
main.cpp:908:1:cpp)	8	static
