cmath:338:3:constexpr float std::log(float)	16	static
main.cpp:109:5:int main()	320	static
main.cpp:345:6:void SystemClock_Config()	232	static
main.cpp:409:13:void MX_ADC1_Init()	48	static
main.cpp:473:13:void MX_ADC2_Init()	32	static
main.cpp:529:13:void MX_ADC3_Init()	32	static
main.cpp:585:13:void MX_CAN1_Init()	8	static
main.cpp:622:13:void MX_I2C1_Init()	8	static
main.cpp:668:13:void MX_I2C2_Init()	8	static
main.cpp:714:13:void MX_TIM5_Init()	48	static
main.cpp:763:13:void MX_GPIO_Init()	40	static
main.cpp:785:7:float tempADC(ADC_HandleTypeDef*, float)	56	static
main.cpp:823:6:void Error_Handler()	4	static
