Archive member included to satisfy reference by file (symbol)

c:/st/stm32cubeide_1.0.0/stm32cubeide/plugins/com.st.stm32cube.ide.mcu.externaltools.gnu-tools-for-stm32.7-2018-q2-update.win32_1.0.0.201904181610/tools/bin/../lib/gcc/arm-none-eabi/7.3.1/../../../../arm-none-eabi/lib/thumb/v7e-m/fpv4-sp/hard\libstdc++_nano.a(pure.o)
                              Src/Adafruit_BNO055.o (__cxa_pure_virtual)
c:/st/stm32cubeide_1.0.0/stm32cubeide/plugins/com.st.stm32cube.ide.mcu.externaltools.gnu-tools-for-stm32.7-2018-q2-update.win32_1.0.0.201904181610/tools/bin/../lib/gcc/arm-none-eabi/7.3.1/../../../../arm-none-eabi/lib/thumb/v7e-m/fpv4-sp/hard\libstdc++_nano.a(del_ops.o)
                              Src/Adafruit_BNO055.o (operator delete(void*, unsigned int))
c:/st/stm32cubeide_1.0.0/stm32cubeide/plugins/com.st.stm32cube.ide.mcu.externaltools.gnu-tools-for-stm32.7-2018-q2-update.win32_1.0.0.201904181610/tools/bin/../lib/gcc/arm-none-eabi/7.3.1/../../../../arm-none-eabi/lib/thumb/v7e-m/fpv4-sp/hard\libstdc++_nano.a(del_op.o)
                              c:/st/stm32cubeide_1.0.0/stm32cubeide/plugins/com.st.stm32cube.ide.mcu.externaltools.gnu-tools-for-stm32.7-2018-q2-update.win32_1.0.0.201904181610/tools/bin/../lib/gcc/arm-none-eabi/7.3.1/../../../../arm-none-eabi/lib/thumb/v7e-m/fpv4-sp/hard\libstdc++_nano.a(del_ops.o) (operator delete(void*))
c:/st/stm32cubeide_1.0.0/stm32cubeide/plugins/com.st.stm32cube.ide.mcu.externaltools.gnu-tools-for-stm32.7-2018-q2-update.win32_1.0.0.201904181610/tools/bin/../lib/gcc/arm-none-eabi/7.3.1/../../../../arm-none-eabi/lib/thumb/v7e-m/fpv4-sp/hard\libstdc++_nano.a(eh_terminate.o)
                              c:/st/stm32cubeide_1.0.0/stm32cubeide/plugins/com.st.stm32cube.ide.mcu.externaltools.gnu-tools-for-stm32.7-2018-q2-update.win32_1.0.0.201904181610/tools/bin/../lib/gcc/arm-none-eabi/7.3.1/../../../../arm-none-eabi/lib/thumb/v7e-m/fpv4-sp/hard\libstdc++_nano.a(pure.o) (std::terminate())
c:/st/stm32cubeide_1.0.0/stm32cubeide/plugins/com.st.stm32cube.ide.mcu.externaltools.gnu-tools-for-stm32.7-2018-q2-update.win32_1.0.0.201904181610/tools/bin/../lib/gcc/arm-none-eabi/7.3.1/../../../../arm-none-eabi/lib/thumb/v7e-m/fpv4-sp/hard\libstdc++_nano.a(eh_unex_handler.o)
                              c:/st/stm32cubeide_1.0.0/stm32cubeide/plugins/com.st.stm32cube.ide.mcu.externaltools.gnu-tools-for-stm32.7-2018-q2-update.win32_1.0.0.201904181610/tools/bin/../lib/gcc/arm-none-eabi/7.3.1/../../../../arm-none-eabi/lib/thumb/v7e-m/fpv4-sp/hard\libstdc++_nano.a(eh_terminate.o) (__cxxabiv1::__unexpected_handler)
c:/st/stm32cubeide_1.0.0/stm32cubeide/plugins/com.st.stm32cube.ide.mcu.externaltools.gnu-tools-for-stm32.7-2018-q2-update.win32_1.0.0.201904181610/tools/bin/../lib/gcc/arm-none-eabi/7.3.1/../../../../arm-none-eabi/lib/thumb/v7e-m/fpv4-sp/hard\libstdc++_nano.a(eh_term_handler.o)
                              c:/st/stm32cubeide_1.0.0/stm32cubeide/plugins/com.st.stm32cube.ide.mcu.externaltools.gnu-tools-for-stm32.7-2018-q2-update.win32_1.0.0.201904181610/tools/bin/../lib/gcc/arm-none-eabi/7.3.1/../../../../arm-none-eabi/lib/thumb/v7e-m/fpv4-sp/hard\libstdc++_nano.a(eh_terminate.o) (__cxxabiv1::__terminate_handler)
c:/st/stm32cubeide_1.0.0/stm32cubeide/plugins/com.st.stm32cube.ide.mcu.externaltools.gnu-tools-for-stm32.7-2018-q2-update.win32_1.0.0.201904181610/tools/bin/../lib/gcc/arm-none-eabi/7.3.1/../../../../arm-none-eabi/lib/thumb/v7e-m/fpv4-sp/hard\libc_nano.a(lib_a-abort.o)
                              c:/st/stm32cubeide_1.0.0/stm32cubeide/plugins/com.st.stm32cube.ide.mcu.externaltools.gnu-tools-for-stm32.7-2018-q2-update.win32_1.0.0.201904181610/tools/bin/../lib/gcc/arm-none-eabi/7.3.1/../../../../arm-none-eabi/lib/thumb/v7e-m/fpv4-sp/hard\libstdc++_nano.a(eh_terminate.o) (abort)
c:/st/stm32cubeide_1.0.0/stm32cubeide/plugins/com.st.stm32cube.ide.mcu.externaltools.gnu-tools-for-stm32.7-2018-q2-update.win32_1.0.0.201904181610/tools/bin/../lib/gcc/arm-none-eabi/7.3.1/../../../../arm-none-eabi/lib/thumb/v7e-m/fpv4-sp/hard\libc_nano.a(lib_a-errno.o)
                              Src/syscalls.o (__errno)
c:/st/stm32cubeide_1.0.0/stm32cubeide/plugins/com.st.stm32cube.ide.mcu.externaltools.gnu-tools-for-stm32.7-2018-q2-update.win32_1.0.0.201904181610/tools/bin/../lib/gcc/arm-none-eabi/7.3.1/../../../../arm-none-eabi/lib/thumb/v7e-m/fpv4-sp/hard\libc_nano.a(lib_a-exit.o)
                              c:/st/stm32cubeide_1.0.0/stm32cubeide/plugins/com.st.stm32cube.ide.mcu.externaltools.gnu-tools-for-stm32.7-2018-q2-update.win32_1.0.0.201904181610/tools/bin/../lib/gcc/arm-none-eabi/7.3.1/../../../../arm-none-eabi/lib/thumb/v7e-m/fpv4-sp/hard/crt0.o (exit)
c:/st/stm32cubeide_1.0.0/stm32cubeide/plugins/com.st.stm32cube.ide.mcu.externaltools.gnu-tools-for-stm32.7-2018-q2-update.win32_1.0.0.201904181610/tools/bin/../lib/gcc/arm-none-eabi/7.3.1/../../../../arm-none-eabi/lib/thumb/v7e-m/fpv4-sp/hard\libc_nano.a(lib_a-impure.o)
[...]
Memory Configuration

Name             Origin             Length             Attributes
FLASH            0x0000000008000000 0x0000000000100000 xr
RAM2             0x0000000010000000 0x0000000000008000 xrw
RAM              0x0000000020000000 0x0000000000018000 xrw
*default*        0x0000000000000000 0xffffffffffffffff

Linker script and memory map

LOAD c:/st/stm32cubeide_1.0.0/stm32cubeide/plugins/com.st.stm32cube.ide.mcu.externaltools.gnu-tools-for-stm32.7-2018-q2-update.win32_1.0.0.201904181610/tools/bin/../lib/gcc/arm-none-eabi/7.3.1/thumb/v7e-m/fpv4-sp/hard/crti.o
LOAD c:/st/stm32cubeide_1.0.0/stm32cubeide/plugins/com.st.stm32cube.ide.mcu.externaltools.gnu-tools-for-stm32.7-2018-q2-update.win32_1.0.0.201904181610/tools/bin/../lib/gcc/arm-none-eabi/7.3.1/thumb/v7e-m/fpv4-sp/hard/crtbegin.o
LOAD c:/st/stm32cubeide_1.0.0/stm32cubeide/plugins/com.st.stm32cube.ide.mcu.externaltools.gnu-tools-for-stm32.7-2018-q2-update.win32_1.0.0.201904181610/tools/bin/../lib/gcc/arm-none-eabi/7.3.1/../../../../arm-none-eabi/lib/thumb/v7e-m/fpv4-sp/hard/crt0.o
LOAD Drivers/STM32L4xx_HAL_Driver/Src/stm32l4xx_hal.o
LOAD Drivers/STM32L4xx_HAL_Driver/Src/stm32l4xx_hal_can.o
LOAD Drivers/STM32L4xx_HAL_Driver/Src/stm32l4xx_hal_cortex.o
LOAD Drivers/STM32L4xx_HAL_Driver/Src/stm32l4xx_hal_dma.o
LOAD Drivers/STM32L4xx_HAL_Driver/Src/stm32l4xx_hal_dma_ex.o
LOAD Drivers/STM32L4xx_HAL_Driver/Src/stm32l4xx_hal_exti.o
LOAD Drivers/STM32L4xx_HAL_Driver/Src/stm32l4xx_hal_flash.o
LOAD Drivers/STM32L4xx_HAL_Driver/Src/stm32l4xx_hal_flash_ex.o
LOAD Drivers/STM32L4xx_HAL_Driver/Src/stm32l4xx_hal_flash_ramfunc.o
LOAD Drivers/STM32L4xx_HAL_Driver/Src/stm32l4xx_hal_gpio.o
LOAD Drivers/STM32L4xx_HAL_Driver/Src/stm32l4xx_hal_i2c.o
LOAD Drivers/STM32L4xx_HAL_Driver/Src/stm32l4xx_hal_i2c_ex.o
LOAD Drivers/STM32L4xx_HAL_Driver/Src/stm32l4xx_hal_pwr.o
LOAD Drivers/STM32L4xx_HAL_Driver/Src/stm32l4xx_hal_pwr_ex.o
LOAD Drivers/STM32L4xx_HAL_Driver/Src/stm32l4xx_hal_rcc.o
LOAD Drivers/STM32L4xx_HAL_Driver/Src/stm32l4xx_hal_rcc_ex.o
LOAD Drivers/STM32L4xx_HAL_Driver/Src/stm32l4xx_hal_tim.o
LOAD Drivers/STM32L4xx_HAL_Driver/Src/stm32l4xx_hal_tim_ex.o
LOAD Src/Adafruit_BNO055.o
LOAD Src/main.o
LOAD Src/stm32l4xx_hal_msp.o
LOAD Src/stm32l4xx_it.o
LOAD Src/syscalls.o
LOAD Src/sysmem.o
LOAD Src/system_stm32l4xx.o
LOAD Src/zenith_can_lib.o
LOAD Startup/startup_stm32l476rgtx.o
START GROUP
LOAD c:/st/stm32cubeide_1.0.0/stm32cubeide/plugins/com.st.stm32cube.ide.mcu.externaltools.gnu-tools-for-stm32.7-2018-q2-update.win32_1.0.0.201904181610/tools/bin/../lib/gcc/arm-none-eabi/7.3.1/../../../../arm-none-eabi/lib/thumb/v7e-m/fpv4-sp/hard\libstdc++_nano.a
LOAD c:/st/stm32cubeide_1.0.0/stm32cubeide/plugins/com.st.stm32cube.ide.mcu.externaltools.gnu-tools-for-stm32.7-2018-q2-update.win32_1.0.0.201904181610/tools/bin/../lib/gcc/arm-none-eabi/7.3.1/../../../../arm-none-eabi/lib/thumb/v7e-m/fpv4-sp/hard\libsupc++_nano.a
END GROUP
LOAD c:/st/stm32cubeide_1.0.0/stm32cubeide/plugins/com.st.stm32cube.ide.mcu.externaltools.gnu-tools-for-stm32.7-2018-q2-update.win32_1.0.0.201904181610/tools/bin/../lib/gcc/arm-none-eabi/7.3.1/../../../../arm-none-eabi/lib/thumb/v7e-m/fpv4-sp/hard\libstdc++_nano.a
LOAD c:/st/stm32cubeide_1.0.0/stm32cubeide/plugins/com.st.stm32cube.ide.mcu.externaltools.gnu-tools-for-stm32.7-2018-q2-update.win32_1.0.0.201904181610/tools/bin/../lib/gcc/arm-none-eabi/7.3.1/../../../../arm-none-eabi/lib/thumb/v7e-m/fpv4-sp/hard\libm.a
LOAD c:/st/stm32cubeide_1.0.0/stm32cubeide/plugins/com.st.stm32cube.ide.mcu.externaltools.gnu-tools-for-stm32.7-2018-q2-update.win32_1.0.0.201904181610/tools/bin/../lib/gcc/arm-none-eabi/7.3.1/../../../../arm-none-eabi/lib/thumb/v7e-m/fpv4-sp/hard\libc_nano.a
START GROUP
LOAD c:/st/stm32cubeide_1.0.0/stm32cubeide/plugins/com.st.stm32cube.ide.mcu.externaltools.gnu-tools-for-stm32.7-2018-q2-update.win32_1.0.0.201904181610/tools/bin/../lib/gcc/arm-none-eabi/7.3.1/thumb/v7e-m/fpv4-sp/hard\libgcc.a
LOAD c:/st/stm32cubeide_1.0.0/stm32cubeide/plugins/com.st.stm32cube.ide.mcu.externaltools.gnu-tools-for-stm32.7-2018-q2-update.win32_1.0.0.201904181610/tools/bin/../lib/gcc/arm-none-eabi/7.3.1/../../../../arm-none-eabi/lib/thumb/v7e-m/fpv4-sp/hard\libc_nano.a
END GROUP
START GROUP
LOAD c:/st/stm32cubeide_1.0.0/stm32cubeide/plugins/com.st.stm32cube.ide.mcu.externaltools.gnu-tools-for-stm32.7-2018-q2-update.win32_1.0.0.201904181610/tools/bin/../lib/gcc/arm-none-eabi/7.3.1/thumb/v7e-m/fpv4-sp/hard\libgcc.a
LOAD c:/st/stm32cubeide_1.0.0/stm32cubeide/plugins/com.st.stm32cube.ide.mcu.externaltools.gnu-tools-for-stm32.7-2018-q2-update.win32_1.0.0.201904181610/tools/bin/../lib/gcc/arm-none-eabi/7.3.1/../../../../arm-none-eabi/lib/thumb/v7e-m/fpv4-sp/hard\libc_nano.a
LOAD c:/st/stm32cubeide_1.0.0/stm32cubeide/plugins/com.st.stm32cube.ide.mcu.externaltools.gnu-tools-for-stm32.7-2018-q2-update.win32_1.0.0.201904181610/tools/bin/../lib/gcc/arm-none-eabi/7.3.1/../../../../arm-none-eabi/lib/thumb/v7e-m/fpv4-sp/hard\libnosys.a
END GROUP
START GROUP
LOAD c:/st/stm32cubeide_1.0.0/stm32cubeide/plugins/com.st.stm32cube.ide.mcu.externaltools.gnu-tools-for-stm32.7-2018-q2-update.win32_1.0.0.201904181610/tools/bin/../lib/gcc/arm-none-eabi/7.3.1/thumb/v7e-m/fpv4-sp/hard\libgcc.a
LOAD c:/st/stm32cubeide_1.0.0/stm32cubeide/plugins/com.st.stm32cube.ide.mcu.externaltools.gnu-tools-for-stm32.7-2018-q2-update.win32_1.0.0.201904181610/tools/bin/../lib/gcc/arm-none-eabi/7.3.1/../../../../arm-none-eabi/lib/thumb/v7e-m/fpv4-sp/hard\libc_nano.a
LOAD c:/st/stm32cubeide_1.0.0/stm32cubeide/plugins/com.st.stm32cube.ide.mcu.externaltools.gnu-tools-for-stm32.7-2018-q2-update.win32_1.0.0.201904181610/tools/bin/../lib/gcc/arm-none-eabi/7.3.1/../../../../arm-none-eabi/lib/thumb/v7e-m/fpv4-sp/hard\libnosys.a
END GROUP
LOAD c:/st/stm32cubeide_1.0.0/stm32cubeide/plugins/com.st.stm32cube.ide.mcu.externaltools.gnu-tools-for-stm32.7-2018-q2-update.win32_1.0.0.201904181610/tools/bin/../lib/gcc/arm-none-eabi/7.3.1/thumb/v7e-m/fpv4-sp/hard/crtend.o
LOAD c:/st/stm32cubeide_1.0.0/stm32cubeide/plugins/com.st.stm32cube.ide.mcu.externaltools.gnu-tools-for-stm32.7-2018-q2-update.win32_1.0.0.201904181610/tools/bin/../lib/gcc/arm-none-eabi/7.3.1/thumb/v7e-m/fpv4-sp/hard/crtn.o
                0x0000000020018000                _estack = 0x20018000
                0x0000000000000200                _Min_Heap_Size = 0x200
                0x0000000000000400                _Min_Stack_Size = 0x400

.isr_vector     0x0000000008000000      0x188
                0x0000000008000000                . = ALIGN (0x4)
 *(.isr_vector)
 .isr_vector    0x0000000008000000      0x188 Startup/startup_stm32l476rgtx.o
                0x0000000008000000                g_pfnVectors
                0x0000000008000188                . = ALIGN (0x4)

.text           0x0000000008000188     0x4950
                0x0000000008000188                . = ALIGN (0x4)
 *(.text)
 .text          0x0000000008000188       0x40 c:/st/stm32cubeide_1.0.0/stm32cubeide/plugins/com.st.stm32cube.ide.mcu.externaltools.gnu-tools-for-stm32.7-2018-q2-update.win32_1.0.0.201904181610/tools/bin/../lib/gcc/arm-none-eabi/7.3.1/thumb/v7e-m/fpv4-sp/hard/crtbegin.o
 *(.text*)
 .text.HAL_Init
                0x00000000080001c8       0x30 Drivers/STM32L4xx_HAL_Driver/Src/stm32l4xx_hal.o
                0x00000000080001c8                HAL_Init
 .text.HAL_InitTick
                0x00000000080001f8       0x74 Drivers/STM32L4xx_HAL_Driver/Src/stm32l4xx_hal.o
                0x00000000080001f8                HAL_InitTick
 .text.HAL_IncTick
                0x000000000800026c       0x24 Drivers/STM32L4xx_HAL_Driver/Src/stm32l4xx_hal.o
                0x000000000800026c                HAL_IncTick
 .text.HAL_GetTick
                0x0000000008000290       0x18 Drivers/STM32L4xx_HAL_Driver/Src/stm32l4xx_hal.o
                0x0000000008000290                HAL_GetTick
 .text.HAL_Delay
                0x00000000080002a8       0x44 Drivers/STM32L4xx_HAL_Driver/Src/stm32l4xx_hal.o
                0x00000000080002a8                HAL_Delay
 .text.HAL_CAN_Init
                0x00000000080002ec      0x1f6 Drivers/STM32L4xx_HAL_Driver/Src/stm32l4xx_hal_can.o
                0x00000000080002ec                HAL_CAN_Init
 .text.HAL_CAN_ConfigFilter
                0x00000000080004e2      0x194 Drivers/STM32L4xx_HAL_Driver/Src/stm32l4xx_hal_can.o
                0x00000000080004e2                HAL_CAN_ConfigFilter
 .text.HAL_CAN_Start
                0x0000000008000676       0x88 Drivers/STM32L4xx_HAL_Driver/Src/stm32l4xx_hal_can.o
                0x0000000008000676                HAL_CAN_Start
 .text.HAL_CAN_GetRxMessage
                0x00000000080006fe      0x226 Drivers/STM32L4xx_HAL_Driver/Src/stm32l4xx_hal_can.o
                0x00000000080006fe                HAL_CAN_GetRxMessage
 .text.HAL_CAN_GetRxFifoFillLevel
                0x0000000008000924       0x50 Drivers/STM32L4xx_HAL_Driver/Src/stm32l4xx_hal_can.o
                0x0000000008000924                HAL_CAN_GetRxFifoFillLevel
 .text.__NVIC_SetPriorityGrouping
                0x0000000008000974       0x48 Drivers/STM32L4xx_HAL_Driver/Src/stm32l4xx_hal_cortex.o
 .text.__NVIC_GetPriorityGrouping
                0x00000000080009bc       0x1c Drivers/STM32L4xx_HAL_Driver/Src/stm32l4xx_hal_cortex.o
 .text.__NVIC_EnableIRQ
                0x00000000080009d8       0x3c Drivers/STM32L4xx_HAL_Driver/Src/stm32l4xx_hal_cortex.o
 .text.__NVIC_SetPriority
                0x0000000008000a14       0x54 Drivers/STM32L4xx_HAL_Driver/Src/stm32l4xx_hal_cortex.o
 .text.NVIC_EncodePriority
                0x0000000008000a68       0x66 Drivers/STM32L4xx_HAL_Driver/Src/stm32l4xx_hal_cortex.o
 *fill*         0x0000000008000ace        0x2 
 .text.SysTick_Config
                0x0000000008000ad0       0x44 Drivers/STM32L4xx_HAL_Driver/Src/stm32l4xx_hal_cortex.o
 .text.HAL_NVIC_SetPriorityGrouping
                0x0000000008000b14       0x16 Drivers/STM32L4xx_HAL_Driver/Src/stm32l4xx_hal_cortex.o
                0x0000000008000b14                HAL_NVIC_SetPriorityGrouping
 .text.HAL_NVIC_SetPriority
                0x0000000008000b2a       0x38 Drivers/STM32L4xx_HAL_Driver/Src/stm32l4xx_hal_cortex.o
                0x0000000008000b2a                HAL_NVIC_SetPriority
 .text.HAL_NVIC_EnableIRQ
                0x0000000008000b62       0x1c Drivers/STM32L4xx_HAL_Driver/Src/stm32l4xx_hal_cortex.o
                0x0000000008000b62                HAL_NVIC_EnableIRQ
 .text.HAL_SYSTICK_Config
                0x0000000008000b7e       0x18 Drivers/STM32L4xx_HAL_Driver/Src/stm32l4xx_hal_cortex.o
                0x0000000008000b7e                HAL_SYSTICK_Config
 *fill*         0x0000000008000b96        0x2 
 .text.HAL_GPIO_Init
                0x0000000008000b98      0x350 Drivers/STM32L4xx_HAL_Driver/Src/stm32l4xx_hal_gpio.o
                0x0000000008000b98                HAL_GPIO_Init
 .text.HAL_GPIO_WritePin
                0x0000000008000ee8       0x30 Drivers/STM32L4xx_HAL_Driver/Src/stm32l4xx_hal_gpio.o
                0x0000000008000ee8                HAL_GPIO_WritePin
 .text.HAL_I2C_Init
                0x0000000008000f18      0x11e Drivers/STM32L4xx_HAL_Driver/Src/stm32l4xx_hal_i2c.o
                0x0000000008000f18                HAL_I2C_Init
 .text.HAL_I2CEx_ConfigAnalogFilter
                0x0000000008001036       0x96 Drivers/STM32L4xx_HAL_Driver/Src/stm32l4xx_hal_i2c_ex.o
                0x0000000008001036                HAL_I2CEx_ConfigAnalogFilter
 .text.HAL_I2CEx_ConfigDigitalFilter
                0x00000000080010cc       0x98 Drivers/STM32L4xx_HAL_Driver/Src/stm32l4xx_hal_i2c_ex.o
                0x00000000080010cc                HAL_I2CEx_ConfigDigitalFilter
 .text.HAL_PWREx_GetVoltageRange
                0x0000000008001164       0x1c Drivers/STM32L4xx_HAL_Driver/Src/stm32l4xx_hal_pwr_ex.o
                0x0000000008001164                HAL_PWREx_GetVoltageRange
 .text.HAL_PWREx_ControlVoltageScaling
                0x0000000008001180       0xac Drivers/STM32L4xx_HAL_Driver/Src/stm32l4xx_hal_pwr_ex.o
                0x0000000008001180                HAL_PWREx_ControlVoltageScaling
 .text.HAL_RCC_OscConfig
                0x000000000800122c      0x760 Drivers/STM32L4xx_HAL_Driver/Src/stm32l4xx_hal_rcc.o
                0x000000000800122c                HAL_RCC_OscConfig
 .text.HAL_RCC_ClockConfig
                0x000000000800198c      0x1c4 Drivers/STM32L4xx_HAL_Driver/Src/stm32l4xx_hal_rcc.o
                0x000000000800198c                HAL_RCC_ClockConfig
 .text.HAL_RCC_GetSysClockFreq
                0x0000000008001b50      0x114 Drivers/STM32L4xx_HAL_Driver/Src/stm32l4xx_hal_rcc.o
                0x0000000008001b50                HAL_RCC_GetSysClockFreq
 .text.RCC_SetFlashLatencyFromMSIRange
                0x0000000008001c64       0xc0 Drivers/STM32L4xx_HAL_Driver/Src/stm32l4xx_hal_rcc.o
 .text.HAL_RCCEx_PeriphCLKConfig
                0x0000000008001d24      0x5cc Drivers/STM32L4xx_HAL_Driver/Src/stm32l4xx_hal_rcc_ex.o
                0x0000000008001d24                HAL_RCCEx_PeriphCLKConfig
 .text.RCCEx_PLLSAI1_Config
                0x00000000080022f0      0x1e0 Drivers/STM32L4xx_HAL_Driver/Src/stm32l4xx_hal_rcc_ex.o
 .text.RCCEx_PLLSAI2_Config
                0x00000000080024d0      0x1b4 Drivers/STM32L4xx_HAL_Driver/Src/stm32l4xx_hal_rcc_ex.o
 .text.HAL_TIM_Base_Init
                0x0000000008002684       0x56 Drivers/STM32L4xx_HAL_Driver/Src/stm32l4xx_hal_tim.o
                0x0000000008002684                HAL_TIM_Base_Init
 *fill*         0x00000000080026da        0x2 
 .text.HAL_TIM_Base_Start_IT
                0x00000000080026dc       0x54 Drivers/STM32L4xx_HAL_Driver/Src/stm32l4xx_hal_tim.o
                0x00000000080026dc                HAL_TIM_Base_Start_IT
 .text.HAL_TIM_PWM_Init
                0x0000000008002730       0x56 Drivers/STM32L4xx_HAL_Driver/Src/stm32l4xx_hal_tim.o
                0x0000000008002730                HAL_TIM_PWM_Init
 .text.HAL_TIM_PWM_MspInit
                0x0000000008002786       0x14 Drivers/STM32L4xx_HAL_Driver/Src/stm32l4xx_hal_tim.o
                0x0000000008002786                HAL_TIM_PWM_MspInit
 *fill*         0x000000000800279a        0x2 
 .text.HAL_TIM_PWM_Start
                0x000000000800279c       0xb0 Drivers/STM32L4xx_HAL_Driver/Src/stm32l4xx_hal_tim.o
                0x000000000800279c                HAL_TIM_PWM_Start
 .text.HAL_TIM_PWM_Stop
                0x000000000800284c       0xdc Drivers/STM32L4xx_HAL_Driver/Src/stm32l4xx_hal_tim.o
                0x000000000800284c                HAL_TIM_PWM_Stop
 .text.HAL_TIM_IRQHandler
                0x0000000008002928      0x23e Drivers/STM32L4xx_HAL_Driver/Src/stm32l4xx_hal_tim.o
                0x0000000008002928                HAL_TIM_IRQHandler
 *fill*         0x0000000008002b66        0x2 
 .text.HAL_TIM_PWM_ConfigChannel
                0x0000000008002b68      0x230 Drivers/STM32L4xx_HAL_Driver/Src/stm32l4xx_hal_tim.o
                0x0000000008002b68                HAL_TIM_PWM_ConfigChannel
 .text.HAL_TIM_ConfigClockSource
                0x0000000008002d98      0x172 Drivers/STM32L4xx_HAL_Driver/Src/stm32l4xx_hal_tim.o
                0x0000000008002d98                HAL_TIM_ConfigClockSource
 .text.HAL_TIM_OC_DelayElapsedCallback
                0x0000000008002f0a       0x14 Drivers/STM32L4xx_HAL_Driver/Src/stm32l4xx_hal_tim.o
                0x0000000008002f0a                HAL_TIM_OC_DelayElapsedCallback
 .text.HAL_TIM_IC_CaptureCallback
                0x0000000008002f1e       0x14 Drivers/STM32L4xx_HAL_Driver/Src/stm32l4xx_hal_tim.o
                0x0000000008002f1e                HAL_TIM_IC_CaptureCallback
 .text.HAL_TIM_PWM_PulseFinishedCallback
                0x0000000008002f32       0x14 Drivers/STM32L4xx_HAL_Driver/Src/stm32l4xx_hal_tim.o
                0x0000000008002f32                HAL_TIM_PWM_PulseFinishedCallback
 .text.HAL_TIM_TriggerCallback
                0x0000000008002f46       0x14 Drivers/STM32L4xx_HAL_Driver/Src/stm32l4xx_hal_tim.o
                0x0000000008002f46                HAL_TIM_TriggerCallback
 *fill*         0x0000000008002f5a        0x2 
 .text.TIM_Base_SetConfig
                0x0000000008002f5c      0x134 Drivers/STM32L4xx_HAL_Driver/Src/stm32l4xx_hal_tim.o
                0x0000000008002f5c                TIM_Base_SetConfig
 .text.TIM_OC1_SetConfig
                0x0000000008003090      0x120 Drivers/STM32L4xx_HAL_Driver/Src/stm32l4xx_hal_tim.o
 .text.TIM_OC2_SetConfig
                0x00000000080031b0      0x114 Drivers/STM32L4xx_HAL_Driver/Src/stm32l4xx_hal_tim.o
                0x00000000080031b0                TIM_OC2_SetConfig
 .text.TIM_OC3_SetConfig
                0x00000000080032c4      0x110 Drivers/STM32L4xx_HAL_Driver/Src/stm32l4xx_hal_tim.o
 .text.TIM_OC4_SetConfig
                0x00000000080033d4       0xd4 Drivers/STM32L4xx_HAL_Driver/Src/stm32l4xx_hal_tim.o
 .text.TIM_OC5_SetConfig
                0x00000000080034a8       0xc8 Drivers/STM32L4xx_HAL_Driver/Src/stm32l4xx_hal_tim.o
 .text.TIM_OC6_SetConfig
                0x0000000008003570       0xcc Drivers/STM32L4xx_HAL_Driver/Src/stm32l4xx_hal_tim.o
 .text.TIM_TI1_ConfigInputStage
                0x000000000800363c       0x5e Drivers/STM32L4xx_HAL_Driver/Src/stm32l4xx_hal_tim.o
 .text.TIM_TI2_ConfigInputStage
                0x000000000800369a       0x60 Drivers/STM32L4xx_HAL_Driver/Src/stm32l4xx_hal_tim.o
 .text.TIM_ITRx_SetConfig
                0x00000000080036fa       0x36 Drivers/STM32L4xx_HAL_Driver/Src/stm32l4xx_hal_tim.o
 .text.TIM_ETR_SetConfig
                0x0000000008003730       0x40 Drivers/STM32L4xx_HAL_Driver/Src/stm32l4xx_hal_tim.o
                0x0000000008003730                TIM_ETR_SetConfig
 .text.TIM_CCxChannelCmd
                0x0000000008003770       0x4a Drivers/STM32L4xx_HAL_Driver/Src/stm32l4xx_hal_tim.o
                0x0000000008003770                TIM_CCxChannelCmd
 *fill*         0x00000000080037ba        0x2 
 .text.HAL_TIMEx_MasterConfigSynchronization
                0x00000000080037bc       0xb8 Drivers/STM32L4xx_HAL_Driver/Src/stm32l4xx_hal_tim_ex.o
                0x00000000080037bc                HAL_TIMEx_MasterConfigSynchronization
 .text.HAL_TIMEx_ConfigBreakDeadTime
                0x0000000008003874       0xfc Drivers/STM32L4xx_HAL_Driver/Src/stm32l4xx_hal_tim_ex.o
                0x0000000008003874                HAL_TIMEx_ConfigBreakDeadTime
 .text.HAL_TIMEx_CommutCallback
                0x0000000008003970       0x14 Drivers/STM32L4xx_HAL_Driver/Src/stm32l4xx_hal_tim_ex.o
                0x0000000008003970                HAL_TIMEx_CommutCallback
 .text.HAL_TIMEx_BreakCallback
                0x0000000008003984       0x14 Drivers/STM32L4xx_HAL_Driver/Src/stm32l4xx_hal_tim_ex.o
                0x0000000008003984                HAL_TIMEx_BreakCallback
 .text.HAL_TIMEx_Break2Callback
                0x0000000008003998       0x14 Drivers/STM32L4xx_HAL_Driver/Src/stm32l4xx_hal_tim_ex.o
                0x0000000008003998                HAL_TIMEx_Break2Callback
 .text._ZSt3absf
                0x00000000080039ac       0x20 Src/main.o
                0x00000000080039ac                std::abs(float)
 .text.main     0x00000000080039cc      0x18c Src/main.o
                0x00000000080039cc                main
 .text._Z18SystemClock_Configv
                0x0000000008003b58      0x112 Src/main.o
                0x0000000008003b58                SystemClock_Config()
 *fill*         0x0000000008003c6a        0x2 
 .text._ZL12MX_CAN1_Initv
                0x0000000008003c6c       0x74 Src/main.o
 .text._ZL12MX_I2C2_Initv
                0x0000000008003ce0       0x9c Src/main.o
 .text._ZL12MX_TIM2_Initv
                0x0000000008003d7c       0xb8 Src/main.o
 .text._ZL13MX_TIM16_Initv
                0x0000000008003e34      0x118 Src/main.o
 .text._ZL13MX_TIM17_Initv
                0x0000000008003f4c      0x118 Src/main.o
 .text._ZL12MX_GPIO_Initv
                0x0000000008004064       0x98 Src/main.o
 .text.HAL_TIM_PeriodElapsedCallback
                0x00000000080040fc      0x48c Src/main.o
                0x00000000080040fc                HAL_TIM_PeriodElapsedCallback
 .text.Error_Handler
                0x0000000008004588        0xe Src/main.o
                0x0000000008004588                Error_Handler
 *fill*         0x0000000008004596        0x2 
 .text.HAL_MspInit
                0x0000000008004598       0x48 Src/stm32l4xx_hal_msp.o
                0x0000000008004598                HAL_MspInit
 .text.HAL_CAN_MspInit
                0x00000000080045e0       0x88 Src/stm32l4xx_hal_msp.o
                0x00000000080045e0                HAL_CAN_MspInit
 .text.HAL_I2C_MspInit
                0x0000000008004668       0x88 Src/stm32l4xx_hal_msp.o
                0x0000000008004668                HAL_I2C_MspInit
 .text.HAL_TIM_Base_MspInit
                0x00000000080046f0       0x98 Src/stm32l4xx_hal_msp.o
                0x00000000080046f0                HAL_TIM_Base_MspInit
 .text.HAL_TIM_MspPostInit
                0x0000000008004788       0xbc Src/stm32l4xx_hal_msp.o
                0x0000000008004788                HAL_TIM_MspPostInit
 .text.NMI_Handler
                0x0000000008004844        0xe Src/stm32l4xx_it.o
                0x0000000008004844                NMI_Handler
 .text.HardFault_Handler
                0x0000000008004852        0x6 Src/stm32l4xx_it.o
                0x0000000008004852                HardFault_Handler
 .text.MemManage_Handler
                0x0000000008004858        0x6 Src/stm32l4xx_it.o
                0x0000000008004858                MemManage_Handler
 .text.BusFault_Handler
                0x000000000800485e        0x6 Src/stm32l4xx_it.o
                0x000000000800485e                BusFault_Handler
 .text.UsageFault_Handler
                0x0000000008004864        0x6 Src/stm32l4xx_it.o
                0x0000000008004864                UsageFault_Handler
 .text.SVC_Handler
                0x000000000800486a        0xe Src/stm32l4xx_it.o
                0x000000000800486a                SVC_Handler
 .text.DebugMon_Handler
                0x0000000008004878        0xe Src/stm32l4xx_it.o
                0x0000000008004878                DebugMon_Handler
 .text.PendSV_Handler
                0x0000000008004886        0xe Src/stm32l4xx_it.o
                0x0000000008004886                PendSV_Handler
 .text.SysTick_Handler
                0x0000000008004894        0xc Src/stm32l4xx_it.o
                0x0000000008004894                SysTick_Handler
 .text.TIM2_IRQHandler
                0x00000000080048a0       0x14 Src/stm32l4xx_it.o
                0x00000000080048a0                TIM2_IRQHandler
 .text.SystemInit
                0x00000000080048b4       0x6c Src/system_stm32l4xx.o
                0x00000000080048b4                SystemInit
 .text._Z15filterConfigCANP19__CAN_HandleTypeDef
                0x0000000008004920       0x40 Src/zenith_can_lib.o
                0x0000000008004920                filterConfigCAN(__CAN_HandleTypeDef*)
 .text._Z15readCanMessagesP19__CAN_HandleTypeDef
                0x0000000008004960       0x58 Src/zenith_can_lib.o
                0x0000000008004960                readCanMessages(__CAN_HandleTypeDef*)
 .text._Z7isEqual13Z_CAN_PackageS_
                0x00000000080049b8       0x5a Src/zenith_can_lib.o
                0x00000000080049b8                isEqual(Z_CAN_Package, Z_CAN_Package)
 *fill*         0x0000000008004a12        0x2 
 .text.Reset_Handler
                0x0000000008004a14       0x50 Startup/startup_stm32l476rgtx.o
                0x0000000008004a14                Reset_Handler
 .text.Default_Handler
                0x0000000008004a64        0x2 Startup/startup_stm32l476rgtx.o
                0x0000000008004a64                RTC_Alarm_IRQHandler
                0x0000000008004a64                EXTI2_IRQHandler
                0x0000000008004a64                TIM8_TRG_COM_IRQHandler
                0x0000000008004a64                TIM8_CC_IRQHandler
                0x0000000008004a64                TIM1_CC_IRQHandler
                0x0000000008004a64                TSC_IRQHandler
                0x0000000008004a64                TAMP_STAMP_IRQHandler
                0x0000000008004a64                EXTI3_IRQHandler
                0x0000000008004a64                LPTIM2_IRQHandler
                0x0000000008004a64                DFSDM1_FLT1_IRQHandler
                0x0000000008004a64                I2C3_ER_IRQHandler
                0x0000000008004a64                DFSDM1_FLT2_IRQHandler
                0x0000000008004a64                EXTI0_IRQHandler
                0x0000000008004a64                I2C2_EV_IRQHandler
                0x0000000008004a64                CAN1_RX0_IRQHandler
                0x0000000008004a64                FPU_IRQHandler
                0x0000000008004a64                TIM1_UP_TIM16_IRQHandler
                0x0000000008004a64                ADC1_2_IRQHandler
                0x0000000008004a64                SPI1_IRQHandler
                0x0000000008004a64                TIM6_DAC_IRQHandler
                0x0000000008004a64                TIM8_UP_IRQHandler
                0x0000000008004a64                DMA2_Channel2_IRQHandler
                0x0000000008004a64                DMA1_Channel4_IRQHandler
                0x0000000008004a64                SAI2_IRQHandler
                0x0000000008004a64                DFSDM1_FLT3_IRQHandler
                0x0000000008004a64                USART3_IRQHandler
                0x0000000008004a64                DMA1_Channel7_IRQHandler
                0x0000000008004a64                CAN1_RX1_IRQHandler
                0x0000000008004a64                LCD_IRQHandler
                0x0000000008004a64                UART5_IRQHandler
                0x0000000008004a64                ADC3_IRQHandler
                0x0000000008004a64                TIM4_IRQHandler
                0x0000000008004a64                DMA2_Channel1_IRQHandler
                0x0000000008004a64                QUADSPI_IRQHandler
                0x0000000008004a64                I2C1_EV_IRQHandler
                0x0000000008004a64                DMA1_Channel6_IRQHandler
                0x0000000008004a64                UART4_IRQHandler
                0x0000000008004a64                DMA2_Channel4_IRQHandler
                0x0000000008004a64                TIM3_IRQHandler
                0x0000000008004a64                RCC_IRQHandler
                0x0000000008004a64                DMA1_Channel1_IRQHandler
                0x0000000008004a64                Default_Handler
                0x0000000008004a64                DMA2_Channel7_IRQHandler
                0x0000000008004a64                EXTI15_10_IRQHandler
                0x0000000008004a64                TIM7_IRQHandler
                0x0000000008004a64                SDMMC1_IRQHandler
                0x0000000008004a64                TIM5_IRQHandler
                0x0000000008004a64                I2C3_EV_IRQHandler
                0x0000000008004a64                EXTI9_5_IRQHandler
                0x0000000008004a64                RTC_WKUP_IRQHandler
                0x0000000008004a64                PVD_PVM_IRQHandler
                0x0000000008004a64                SPI2_IRQHandler
                0x0000000008004a64                CAN1_TX_IRQHandler
                0x0000000008004a64                DMA2_Channel5_IRQHandler
                0x0000000008004a64                DMA1_Channel5_IRQHandler
                0x0000000008004a64                EXTI4_IRQHandler
                0x0000000008004a64                RNG_IRQHandler
                0x0000000008004a64                TIM1_TRG_COM_TIM17_IRQHandler
                0x0000000008004a64                DMA1_Channel3_IRQHandler
                0x0000000008004a64                COMP_IRQHandler
                0x0000000008004a64                WWDG_IRQHandler
                0x0000000008004a64                LPUART1_IRQHandler
                0x0000000008004a64                DMA2_Channel6_IRQHandler
                0x0000000008004a64                EXTI1_IRQHandler
                0x0000000008004a64                USART2_IRQHandler
                0x0000000008004a64                DFSDM1_FLT0_IRQHandler
                0x0000000008004a64                I2C2_ER_IRQHandler
                0x0000000008004a64                DMA1_Channel2_IRQHandler
                0x0000000008004a64                TIM8_BRK_IRQHandler
                0x0000000008004a64                CAN1_SCE_IRQHandler
                0x0000000008004a64                FLASH_IRQHandler
                0x0000000008004a64                USART1_IRQHandler
                0x0000000008004a64                OTG_FS_IRQHandler
                0x0000000008004a64                SPI3_IRQHandler
                0x0000000008004a64                I2C1_ER_IRQHandler
                0x0000000008004a64                FMC_IRQHandler
                0x0000000008004a64                SWPMI1_IRQHandler
                0x0000000008004a64                LPTIM1_IRQHandler
                0x0000000008004a64                SAI1_IRQHandler
                0x0000000008004a64                DMA2_Channel3_IRQHandler
                0x0000000008004a64                TIM1_BRK_TIM15_IRQHandler
 *fill*         0x0000000008004a66        0x2 
 .text.__libc_init_array
                0x0000000008004a68       0x48 c:/st/stm32cubeide_1.0.0/stm32cubeide/plugins/com.st.stm32cube.ide.mcu.externaltools.gnu-tools-for-stm32.7-2018-q2-update.win32_1.0.0.201904181610/tools/bin/../lib/gcc/arm-none-eabi/7.3.1/../../../../arm-none-eabi/lib/thumb/v7e-m/fpv4-sp/hard\libc_nano.a(lib_a-init.o)
                0x0000000008004a68                __libc_init_array
 .text.memset   0x0000000008004ab0       0x10 c:/st/stm32cubeide_1.0.0/stm32cubeide/plugins/com.st.stm32cube.ide.mcu.externaltools.gnu-tools-for-stm32.7-2018-q2-update.win32_1.0.0.201904181610/tools/bin/../lib/gcc/arm-none-eabi/7.3.1/../../../../arm-none-eabi/lib/thumb/v7e-m/fpv4-sp/hard\libc_nano.a(lib_a-memset.o)
                0x0000000008004ab0                memset
 *(.glue_7)
 .glue_7        0x0000000008004ac0        0x0 linker stubs
 *(.glue_7t)
 .glue_7t       0x0000000008004ac0        0x0 linker stubs
 *(.eh_frame)
 .eh_frame      0x0000000008004ac0        0x0 c:/st/stm32cubeide_1.0.0/stm32cubeide/plugins/com.st.stm32cube.ide.mcu.externaltools.gnu-tools-for-stm32.7-2018-q2-update.win32_1.0.0.201904181610/tools/bin/../lib/gcc/arm-none-eabi/7.3.1/thumb/v7e-m/fpv4-sp/hard/crtbegin.o
 *(.init)
 .init          0x0000000008004ac0        0x4 c:/st/stm32cubeide_1.0.0/stm32cubeide/plugins/com.st.stm32cube.ide.mcu.externaltools.gnu-tools-for-stm32.7-2018-q2-update.win32_1.0.0.201904181610/tools/bin/../lib/gcc/arm-none-eabi/7.3.1/thumb/v7e-m/fpv4-sp/hard/crti.o
                0x0000000008004ac0                _init
 .init          0x0000000008004ac4        0x8 c:/st/stm32cubeide_1.0.0/stm32cubeide/plugins/com.st.stm32cube.ide.mcu.externaltools.gnu-tools-for-stm32.7-2018-q2-update.win32_1.0.0.201904181610/tools/bin/../lib/gcc/arm-none-eabi/7.3.1/thumb/v7e-m/fpv4-sp/hard/crtn.o
 *(.fini)
 .fini          0x0000000008004acc        0x4 c:/st/stm32cubeide_1.0.0/stm32cubeide/plugins/com.st.stm32cube.ide.mcu.externaltools.gnu-tools-for-stm32.7-2018-q2-update.win32_1.0.0.201904181610/tools/bin/../lib/gcc/arm-none-eabi/7.3.1/thumb/v7e-m/fpv4-sp/hard/crti.o
                0x0000000008004acc                _fini
 .fini          0x0000000008004ad0        0x8 c:/st/stm32cubeide_1.0.0/stm32cubeide/plugins/com.st.stm32cube.ide.mcu.externaltools.gnu-tools-for-stm32.7-2018-q2-update.win32_1.0.0.201904181610/tools/bin/../lib/gcc/arm-none-eabi/7.3.1/thumb/v7e-m/fpv4-sp/hard/crtn.o
                0x0000000008004ad8                . = ALIGN (0x4)
                0x0000000008004ad8                _etext = .

.vfp11_veneer   0x0000000008004ad8        0x0
 .vfp11_veneer  0x0000000008004ad8        0x0 linker stubs

.v4_bx          0x0000000008004ad8        0x0
 .v4_bx         0x0000000008004ad8        0x0 linker stubs

.iplt           0x0000000008004ad8        0x0
 .iplt          0x0000000008004ad8        0x0 c:/st/stm32cubeide_1.0.0/stm32cubeide/plugins/com.st.stm32cube.ide.mcu.externaltools.gnu-tools-for-stm32.7-2018-q2-update.win32_1.0.0.201904181610/tools/bin/../lib/gcc/arm-none-eabi/7.3.1/thumb/v7e-m/fpv4-sp/hard/crtbegin.o

.rodata         0x0000000008004ad8       0x40
                0x0000000008004ad8                . = ALIGN (0x4)
 *(.rodata)
 *(.rodata*)
 .rodata.AHBPrescTable
                0x0000000008004ad8       0x10 Src/system_stm32l4xx.o
                0x0000000008004ad8                AHBPrescTable
 .rodata.MSIRangeTable
                0x0000000008004ae8       0x30 Src/system_stm32l4xx.o
                0x0000000008004ae8                MSIRangeTable
                0x0000000008004b18                . = ALIGN (0x4)

.rel.dyn        0x0000000008004b18        0x0
 .rel.iplt      0x0000000008004b18        0x0 c:/st/stm32cubeide_1.0.0/stm32cubeide/plugins/com.st.stm32cube.ide.mcu.externaltools.gnu-tools-for-stm32.7-2018-q2-update.win32_1.0.0.201904181610/tools/bin/../lib/gcc/arm-none-eabi/7.3.1/thumb/v7e-m/fpv4-sp/hard/crtbegin.o

.ARM.extab      0x0000000008004b18        0x0
                0x0000000008004b18                . = ALIGN (0x4)
 *(.ARM.extab* .gnu.linkonce.armextab.*)
                0x0000000008004b18                . = ALIGN (0x4)

.ARM            0x0000000008004b18        0x0
                0x0000000008004b18                . = ALIGN (0x4)
                0x0000000008004b18                __exidx_start = .
 *(.ARM.exidx*)
                0x0000000008004b18                __exidx_end = .
                0x0000000008004b18                . = ALIGN (0x4)

.preinit_array  0x0000000008004b18        0x0
                0x0000000008004b18                . = ALIGN (0x4)
                0x0000000008004b18                PROVIDE (__preinit_array_start = .)
 *(.preinit_array*)
                0x0000000008004b18                PROVIDE (__preinit_array_end = .)
                0x0000000008004b18                . = ALIGN (0x4)

.init_array     0x0000000008004b18        0x4
                0x0000000008004b18                . = ALIGN (0x4)
                0x0000000008004b18                PROVIDE (__init_array_start = .)
 *(SORT_BY_NAME(.init_array.*))
 *(.init_array*)
 .init_array    0x0000000008004b18        0x4 c:/st/stm32cubeide_1.0.0/stm32cubeide/plugins/com.st.stm32cube.ide.mcu.externaltools.gnu-tools-for-stm32.7-2018-q2-update.win32_1.0.0.201904181610/tools/bin/../lib/gcc/arm-none-eabi/7.3.1/thumb/v7e-m/fpv4-sp/hard/crtbegin.o
                0x0000000008004b1c                PROVIDE (__init_array_end = .)
                0x0000000008004b1c                . = ALIGN (0x4)

.fini_array     0x0000000008004b1c        0x4
                0x0000000008004b1c                . = ALIGN (0x4)
                [!provide]                        PROVIDE (__fini_array_start = .)
 *(SORT_BY_NAME(.fini_array.*))
 *(.fini_array*)
 .fini_array    0x0000000008004b1c        0x4 c:/st/stm32cubeide_1.0.0/stm32cubeide/plugins/com.st.stm32cube.ide.mcu.externaltools.gnu-tools-for-stm32.7-2018-q2-update.win32_1.0.0.201904181610/tools/bin/../lib/gcc/arm-none-eabi/7.3.1/thumb/v7e-m/fpv4-sp/hard/crtbegin.o
                [!provide]                        PROVIDE (__fini_array_end = .)
                0x0000000008004b20                . = ALIGN (0x4)
                0x0000000008004b20                _sidata = LOADADDR (.data)

.data           0x0000000020000000       0x44 load address 0x0000000008004b20
                0x0000000020000000                . = ALIGN (0x4)
                0x0000000020000000                _sdata = .
 *(.data)
 *(.data*)
 .data.uwTickPrio
                0x0000000020000000        0x4 Drivers/STM32L4xx_HAL_Driver/Src/stm32l4xx_hal.o
                0x0000000020000000                uwTickPrio
 .data.uwTickFreq
                0x0000000020000004        0x4 Drivers/STM32L4xx_HAL_Driver/Src/stm32l4xx_hal.o
                0x0000000020000004                uwTickFreq
 .data.q0_vel   0x0000000020000008        0x4 Src/main.o
                0x0000000020000008                q0_vel
 .data.q1_vel   0x000000002000000c        0x4 Src/main.o
                0x000000002000000c                q1_vel
 .data.q2_vel   0x0000000020000010        0x4 Src/main.o
                0x0000000020000010                q2_vel
 .data.qx_vel   0x0000000020000014        0x4 Src/main.o
                0x0000000020000014                qx_vel
 .data.qy_vel   0x0000000020000018        0x4 Src/main.o
                0x0000000020000018                qy_vel
 .data.q0_pos   0x000000002000001c        0x4 Src/main.o
                0x000000002000001c                q0_pos
 .data.q1_pos   0x0000000020000020        0x4 Src/main.o
                0x0000000020000020                q1_pos
 .data.qx_pos   0x0000000020000024        0x4 Src/main.o
                0x0000000020000024                qx_pos
 .data.T0       0x0000000020000028        0x4 Src/main.o
                0x0000000020000028                T0
 .data.T0_PWM   0x000000002000002c        0x4 Src/main.o
                0x000000002000002c                T0_PWM
 .data.init_flag
                0x0000000020000030        0x4 Src/main.o
                0x0000000020000030                init_flag
 .data.SystemCoreClock
                0x0000000020000034        0x4 Src/system_stm32l4xx.o
                0x0000000020000034                SystemCoreClock
 .data.NULL_MSG
                0x0000000020000038        0xc Src/zenith_can_lib.o
                0x0000000020000038                NULL_MSG
                0x0000000020000044                . = ALIGN (0x4)
                0x0000000020000044                _edata = .

.igot.plt       0x0000000020000044        0x0 load address 0x0000000008004b64
 .igot.plt      0x0000000020000044        0x0 c:/st/stm32cubeide_1.0.0/stm32cubeide/plugins/com.st.stm32cube.ide.mcu.externaltools.gnu-tools-for-stm32.7-2018-q2-update.win32_1.0.0.201904181610/tools/bin/../lib/gcc/arm-none-eabi/7.3.1/thumb/v7e-m/fpv4-sp/hard/crtbegin.o
                0x0000000020000044                . = ALIGN (0x4)

.bss            0x0000000020000044      0x1e8 load address 0x0000000008004b64
                0x0000000020000044                _sbss = .
                0x0000000020000044                __bss_start__ = _sbss
 *(.bss)
 .bss           0x0000000020000044       0x1c c:/st/stm32cubeide_1.0.0/stm32cubeide/plugins/com.st.stm32cube.ide.mcu.externaltools.gnu-tools-for-stm32.7-2018-q2-update.win32_1.0.0.201904181610/tools/bin/../lib/gcc/arm-none-eabi/7.3.1/thumb/v7e-m/fpv4-sp/hard/crtbegin.o
 *(.bss*)
 .bss.hcan1     0x0000000020000060       0x28 Src/main.o
                0x0000000020000060                hcan1
 .bss.hi2c2     0x0000000020000088       0x4c Src/main.o
                0x0000000020000088                hi2c2
 .bss.htim2     0x00000000200000d4       0x40 Src/main.o
                0x00000000200000d4                htim2
 .bss.htim16    0x0000000020000114       0x40 Src/main.o
                0x0000000020000114                htim16
 .bss.htim17    0x0000000020000154       0x40 Src/main.o
                0x0000000020000154                htim17
 .bss.can_rx_pkg
                0x0000000020000194        0xc Src/main.o
                0x0000000020000194                can_rx_pkg
 .bss.estado    0x00000000200001a0        0x4 Src/main.o
                0x00000000200001a0                estado
 .bss.q0        0x00000000200001a4        0x4 Src/main.o
                0x00000000200001a4                q0
 .bss.q1        0x00000000200001a8        0x4 Src/main.o
                0x00000000200001a8                q1
 .bss.q2        0x00000000200001ac        0x4 Src/main.o
                0x00000000200001ac                q2
 .bss.qx        0x00000000200001b0        0x4 Src/main.o
                0x00000000200001b0                qx
 .bss.qy        0x00000000200001b4        0x4 Src/main.o
                0x00000000200001b4                qy
 .bss.e         0x00000000200001b8        0x4 Src/main.o
                0x00000000200001b8                e
 .bss.e0        0x00000000200001bc        0x4 Src/main.o
                0x00000000200001bc                e0
 .bss.e00       0x00000000200001c0        0x4 Src/main.o
                0x00000000200001c0                e00
 .bss.u         0x00000000200001c4        0x4 Src/main.o
                0x00000000200001c4                u
 .bss.u0        0x00000000200001c8        0x4 Src/main.o
                0x00000000200001c8                u0
 .bss.u00       0x00000000200001cc        0x4 Src/main.o
                0x00000000200001cc                u00
 .bss.Vcc       0x00000000200001d0        0x4 Src/main.o
                0x00000000200001d0                Vcc
 .bss.dutyCicle
                0x00000000200001d4        0x4 Src/main.o
                0x00000000200001d4                dutyCicle
 .bss.saidaDesejada
                0x00000000200001d8        0x4 Src/main.o
                0x00000000200001d8                saidaDesejada
 .bss.saidaAtual
                0x00000000200001dc        0x4 Src/main.o
                0x00000000200001dc                saidaAtual
 .bss.dir       0x00000000200001e0        0x4 Src/main.o
                0x00000000200001e0                dir
 .bss.pos_IMU   0x00000000200001e4        0x4 Src/main.o
                0x00000000200001e4                pos_IMU
 .bss.pos_IMU_Anterior
                0x00000000200001e8        0x4 Src/main.o
                0x00000000200001e8                pos_IMU_Anterior
 .bss.vel_IMU   0x00000000200001ec        0x4 Src/main.o
                0x00000000200001ec                vel_IMU
 .bss.configPWM_17
                0x00000000200001f0       0x1c Src/main.o
                0x00000000200001f0                configPWM_17
 .bss.configPWM_16
                0x000000002000020c       0x1c Src/main.o
                0x000000002000020c                configPWM_16
 *(COMMON)
 COMMON         0x0000000020000228        0x4 Drivers/STM32L4xx_HAL_Driver/Src/stm32l4xx_hal.o
                0x0000000020000228                uwTick
                0x000000002000022c                . = ALIGN (0x4)
                0x000000002000022c                _ebss = .
                0x000000002000022c                __bss_end__ = _ebss

._user_heap_stack
                0x000000002000022c      0x604 load address 0x0000000008004b64
                0x0000000020000230                . = ALIGN (0x8)
 *fill*         0x000000002000022c        0x4 
                0x0000000020000230                PROVIDE (end = .)
                [!provide]                        PROVIDE (_end = .)
                0x0000000020000430                . = (. + _Min_Heap_Size)
 *fill*         0x0000000020000230      0x200 
                0x0000000020000830                . = (. + _Min_Stack_Size)
 *fill*         0x0000000020000430      0x400 
                0x0000000020000830                . = ALIGN (0x8)

/DISCARD/
 libc.a(*)
 libm.a(*)
 libgcc.a(*)

.ARM.attributes
                0x0000000000000000       0x30
 *(.ARM.attributes)
 .ARM.attributes
                0x0000000000000000       0x22 c:/st/stm32cubeide_1.0.0/stm32cubeide/plugins/com.st.stm32cube.ide.mcu.externaltools.gnu-tools-for-stm32.7-2018-q2-update.win32_1.0.0.201904181610/tools/bin/../lib/gcc/arm-none-eabi/7.3.1/thumb/v7e-m/fpv4-sp/hard/crti.o
 .ARM.attributes
                0x0000000000000022       0x34 c:/st/stm32cubeide_1.0.0/stm32cubeide/plugins/com.st.stm32cube.ide.mcu.externaltools.gnu-tools-for-stm32.7-2018-q2-update.win32_1.0.0.201904181610/tools/bin/../lib/gcc/arm-none-eabi/7.3.1/thumb/v7e-m/fpv4-sp/hard/crtbegin.o
 .ARM.attributes
                0x0000000000000056       0x39 Drivers/STM32L4xx_HAL_Driver/Src/stm32l4xx_hal.o
 .ARM.attributes
                0x000000000000008f       0x39 Drivers/STM32L4xx_HAL_Driver/Src/stm32l4xx_hal_can.o
 .ARM.attributes
                0x00000000000000c8       0x39 Drivers/STM32L4xx_HAL_Driver/Src/stm32l4xx_hal_cortex.o
 .ARM.attributes
                0x0000000000000101       0x39 Drivers/STM32L4xx_HAL_Driver/Src/stm32l4xx_hal_gpio.o
 .ARM.attributes
                0x000000000000013a       0x39 Drivers/STM32L4xx_HAL_Driver/Src/stm32l4xx_hal_i2c.o
 .ARM.attributes
                0x0000000000000173       0x39 Drivers/STM32L4xx_HAL_Driver/Src/stm32l4xx_hal_i2c_ex.o
 .ARM.attributes
                0x00000000000001ac       0x39 Drivers/STM32L4xx_HAL_Driver/Src/stm32l4xx_hal_pwr_ex.o
 .ARM.attributes
                0x00000000000001e5       0x39 Drivers/STM32L4xx_HAL_Driver/Src/stm32l4xx_hal_rcc.o
 .ARM.attributes
                0x000000000000021e       0x39 Drivers/STM32L4xx_HAL_Driver/Src/stm32l4xx_hal_rcc_ex.o
 .ARM.attributes
                0x0000000000000257       0x39 Drivers/STM32L4xx_HAL_Driver/Src/stm32l4xx_hal_tim.o
 .ARM.attributes
                0x0000000000000290       0x39 Drivers/STM32L4xx_HAL_Driver/Src/stm32l4xx_hal_tim_ex.o
 .ARM.attributes
                0x00000000000002c9       0x39 Src/main.o
 .ARM.attributes
                0x0000000000000302       0x39 Src/stm32l4xx_hal_msp.o
 .ARM.attributes
                0x000000000000033b       0x39 Src/stm32l4xx_it.o
 .ARM.attributes
                0x0000000000000374       0x39 Src/system_stm32l4xx.o
 .ARM.attributes
                0x00000000000003ad       0x39 Src/zenith_can_lib.o
 .ARM.attributes
                0x00000000000003e6       0x21 Startup/startup_stm32l476rgtx.o
 .ARM.attributes
                0x0000000000000407       0x34 c:/st/stm32cubeide_1.0.0/stm32cubeide/plugins/com.st.stm32cube.ide.mcu.externaltools.gnu-tools-for-stm32.7-2018-q2-update.win32_1.0.0.201904181610/tools/bin/../lib/gcc/arm-none-eabi/7.3.1/../../../../arm-none-eabi/lib/thumb/v7e-m/fpv4-sp/hard\libc_nano.a(lib_a-init.o)
 .ARM.attributes
                0x000000000000043b       0x34 c:/st/stm32cubeide_1.0.0/stm32cubeide/plugins/com.st.stm32cube.ide.mcu.externaltools.gnu-tools-for-stm32.7-2018-q2-update.win32_1.0.0.201904181610/tools/bin/../lib/gcc/arm-none-eabi/7.3.1/../../../../arm-none-eabi/lib/thumb/v7e-m/fpv4-sp/hard\libc_nano.a(lib_a-memset.o)
 .ARM.attributes
                0x000000000000046f       0x22 c:/st/stm32cubeide_1.0.0/stm32cubeide/plugins/com.st.stm32cube.ide.mcu.externaltools.gnu-tools-for-stm32.7-2018-q2-update.win32_1.0.0.201904181610/tools/bin/../lib/gcc/arm-none-eabi/7.3.1/thumb/v7e-m/fpv4-sp/hard/crtn.o
OUTPUT(AlvesBoard.elf elf32-littlearm)

.debug_info     0x0000000000000000    0x124bb
 .debug_info    0x0000000000000000      0xbe0 Drivers/STM32L4xx_HAL_Driver/Src/stm32l4xx_hal.o
 .debug_info    0x0000000000000be0     0x10c1 Drivers/STM32L4xx_HAL_Driver/Src/stm32l4xx_hal_can.o
 .debug_info    0x0000000000001ca1      0xf3c Drivers/STM32L4xx_HAL_Driver/Src/stm32l4xx_hal_cortex.o
 .debug_info    0x0000000000002bdd      0x982 Drivers/STM32L4xx_HAL_Driver/Src/stm32l4xx_hal_gpio.o
 .debug_info    0x000000000000355f     0x205c Drivers/STM32L4xx_HAL_Driver/Src/stm32l4xx_hal_i2c.o
 .debug_info    0x00000000000055bb      0xb41 Drivers/STM32L4xx_HAL_Driver/Src/stm32l4xx_hal_i2c_ex.o
 .debug_info    0x00000000000060fc      0xada Drivers/STM32L4xx_HAL_Driver/Src/stm32l4xx_hal_pwr_ex.o
 .debug_info    0x0000000000006bd6      0xcfe Drivers/STM32L4xx_HAL_Driver/Src/stm32l4xx_hal_rcc.o
 .debug_info    0x00000000000078d4      0xf10 Drivers/STM32L4xx_HAL_Driver/Src/stm32l4xx_hal_rcc_ex.o
 .debug_info    0x00000000000087e4     0x266d Drivers/STM32L4xx_HAL_Driver/Src/stm32l4xx_hal_tim.o
 .debug_info    0x000000000000ae51     0x13d8 Drivers/STM32L4xx_HAL_Driver/Src/stm32l4xx_hal_tim_ex.o
 .debug_info    0x000000000000c229     0x348c Src/main.o
 .debug_info    0x000000000000f6b5     0x157d Src/stm32l4xx_hal_msp.o
 .debug_info    0x0000000000010c32      0x7eb Src/stm32l4xx_it.o
 .debug_info    0x000000000001141d      0x6f6 Src/system_stm32l4xx.o
 .debug_info    0x0000000000011b13      0x986 Src/zenith_can_lib.o
 .debug_info    0x0000000000012499       0x22 Startup/startup_stm32l476rgtx.o

.debug_abbrev   0x0000000000000000     0x224d
 .debug_abbrev  0x0000000000000000      0x1fb Drivers/STM32L4xx_HAL_Driver/Src/stm32l4xx_hal.o
 .debug_abbrev  0x00000000000001fb      0x22a Drivers/STM32L4xx_HAL_Driver/Src/stm32l4xx_hal_can.o
 .debug_abbrev  0x0000000000000425      0x2fa Drivers/STM32L4xx_HAL_Driver/Src/stm32l4xx_hal_cortex.o
 .debug_abbrev  0x000000000000071f      0x1c0 Drivers/STM32L4xx_HAL_Driver/Src/stm32l4xx_hal_gpio.o
 .debug_abbrev  0x00000000000008df      0x22a Drivers/STM32L4xx_HAL_Driver/Src/stm32l4xx_hal_i2c.o
 .debug_abbrev  0x0000000000000b09      0x1b9 Drivers/STM32L4xx_HAL_Driver/Src/stm32l4xx_hal_i2c_ex.o
 .debug_abbrev  0x0000000000000cc2      0x1cb Drivers/STM32L4xx_HAL_Driver/Src/stm32l4xx_hal_pwr_ex.o
 .debug_abbrev  0x0000000000000e8d      0x245 Drivers/STM32L4xx_HAL_Driver/Src/stm32l4xx_hal_rcc.o
 .debug_abbrev  0x00000000000010d2      0x238 Drivers/STM32L4xx_HAL_Driver/Src/stm32l4xx_hal_rcc_ex.o
 .debug_abbrev  0x000000000000130a      0x230 Drivers/STM32L4xx_HAL_Driver/Src/stm32l4xx_hal_tim.o
 .debug_abbrev  0x000000000000153a      0x21e Drivers/STM32L4xx_HAL_Driver/Src/stm32l4xx_hal_tim_ex.o
 .debug_abbrev  0x0000000000001758      0x438 Src/main.o
 .debug_abbrev  0x0000000000001b90      0x214 Src/stm32l4xx_hal_msp.o
 .debug_abbrev  0x0000000000001da4      0x15a Src/stm32l4xx_it.o
 .debug_abbrev  0x0000000000001efe      0x150 Src/system_stm32l4xx.o
 .debug_abbrev  0x000000000000204e      0x1ed Src/zenith_can_lib.o
 .debug_abbrev  0x000000000000223b       0x12 Startup/startup_stm32l476rgtx.o

.debug_aranges  0x0000000000000000     0x1010
 .debug_aranges
                0x0000000000000000      0x130 Drivers/STM32L4xx_HAL_Driver/Src/stm32l4xx_hal.o
 .debug_aranges
                0x0000000000000130      0x138 Drivers/STM32L4xx_HAL_Driver/Src/stm32l4xx_hal_can.o
 .debug_aranges
                0x0000000000000268      0x118 Drivers/STM32L4xx_HAL_Driver/Src/stm32l4xx_hal_cortex.o
 .debug_aranges
                0x0000000000000380       0x58 Drivers/STM32L4xx_HAL_Driver/Src/stm32l4xx_hal_gpio.o
 .debug_aranges
                0x00000000000003d8      0x288 Drivers/STM32L4xx_HAL_Driver/Src/stm32l4xx_hal_i2c.o
 .debug_aranges
                0x0000000000000660       0x48 Drivers/STM32L4xx_HAL_Driver/Src/stm32l4xx_hal_i2c_ex.o
 .debug_aranges
                0x00000000000006a8      0x148 Drivers/STM32L4xx_HAL_Driver/Src/stm32l4xx_hal_pwr_ex.o
 .debug_aranges
                0x00000000000007f0       0x88 Drivers/STM32L4xx_HAL_Driver/Src/stm32l4xx_hal_rcc.o
 .debug_aranges
                0x0000000000000878       0xc0 Drivers/STM32L4xx_HAL_Driver/Src/stm32l4xx_hal_rcc_ex.o
 .debug_aranges
                0x0000000000000938      0x3b8 Drivers/STM32L4xx_HAL_Driver/Src/stm32l4xx_hal_tim.o
 .debug_aranges
                0x0000000000000cf0      0x168 Drivers/STM32L4xx_HAL_Driver/Src/stm32l4xx_hal_tim_ex.o
 .debug_aranges
                0x0000000000000e58       0x70 Src/main.o
 .debug_aranges
                0x0000000000000ec8       0x58 Src/stm32l4xx_hal_msp.o
 .debug_aranges
                0x0000000000000f20       0x68 Src/stm32l4xx_it.o
 .debug_aranges
                0x0000000000000f88       0x28 Src/system_stm32l4xx.o
 .debug_aranges
                0x0000000000000fb0       0x38 Src/zenith_can_lib.o
 .debug_aranges
                0x0000000000000fe8       0x28 Startup/startup_stm32l476rgtx.o

.debug_ranges   0x0000000000000000      0xf08
 .debug_ranges  0x0000000000000000      0x120 Drivers/STM32L4xx_HAL_Driver/Src/stm32l4xx_hal.o
 .debug_ranges  0x0000000000000120      0x128 Drivers/STM32L4xx_HAL_Driver/Src/stm32l4xx_hal_can.o
 .debug_ranges  0x0000000000000248      0x108 Drivers/STM32L4xx_HAL_Driver/Src/stm32l4xx_hal_cortex.o
 .debug_ranges  0x0000000000000350       0x48 Drivers/STM32L4xx_HAL_Driver/Src/stm32l4xx_hal_gpio.o
 .debug_ranges  0x0000000000000398      0x278 Drivers/STM32L4xx_HAL_Driver/Src/stm32l4xx_hal_i2c.o
 .debug_ranges  0x0000000000000610       0x38 Drivers/STM32L4xx_HAL_Driver/Src/stm32l4xx_hal_i2c_ex.o
 .debug_ranges  0x0000000000000648      0x138 Drivers/STM32L4xx_HAL_Driver/Src/stm32l4xx_hal_pwr_ex.o
 .debug_ranges  0x0000000000000780       0x78 Drivers/STM32L4xx_HAL_Driver/Src/stm32l4xx_hal_rcc.o
 .debug_ranges  0x00000000000007f8       0xb0 Drivers/STM32L4xx_HAL_Driver/Src/stm32l4xx_hal_rcc_ex.o
 .debug_ranges  0x00000000000008a8      0x3a8 Drivers/STM32L4xx_HAL_Driver/Src/stm32l4xx_hal_tim.o
 .debug_ranges  0x0000000000000c50      0x158 Drivers/STM32L4xx_HAL_Driver/Src/stm32l4xx_hal_tim_ex.o
 .debug_ranges  0x0000000000000da8       0x60 Src/main.o
 .debug_ranges  0x0000000000000e08       0x48 Src/stm32l4xx_hal_msp.o
 .debug_ranges  0x0000000000000e50       0x58 Src/stm32l4xx_it.o
 .debug_ranges  0x0000000000000ea8       0x18 Src/system_stm32l4xx.o
 .debug_ranges  0x0000000000000ec0       0x28 Src/zenith_can_lib.o
 .debug_ranges  0x0000000000000ee8       0x20 Startup/startup_stm32l476rgtx.o

.debug_macro    0x0000000000000000    0x26c3d
 .debug_macro   0x0000000000000000      0x22d Drivers/STM32L4xx_HAL_Driver/Src/stm32l4xx_hal.o
 .debug_macro   0x000000000000022d      0xa5a Drivers/STM32L4xx_HAL_Driver/Src/stm32l4xx_hal.o
 .debug_macro   0x0000000000000c87       0xc0 Drivers/STM32L4xx_HAL_Driver/Src/stm32l4xx_hal.o
 .debug_macro   0x0000000000000d47       0x2e Drivers/STM32L4xx_HAL_Driver/Src/stm32l4xx_hal.o
 .debug_macro   0x0000000000000d75       0x28 Drivers/STM32L4xx_HAL_Driver/Src/stm32l4xx_hal.o
 .debug_macro   0x0000000000000d9d       0x22 Drivers/STM32L4xx_HAL_Driver/Src/stm32l4xx_hal.o
 .debug_macro   0x0000000000000dbf       0x8e Drivers/STM32L4xx_HAL_Driver/Src/stm32l4xx_hal.o
 .debug_macro   0x0000000000000e4d       0x51 Drivers/STM32L4xx_HAL_Driver/Src/stm32l4xx_hal.o
 .debug_macro   0x0000000000000e9e       0xef Drivers/STM32L4xx_HAL_Driver/Src/stm32l4xx_hal.o
 .debug_macro   0x0000000000000f8d       0x6a Drivers/STM32L4xx_HAL_Driver/Src/stm32l4xx_hal.o
 .debug_macro   0x0000000000000ff7      0x1df Drivers/STM32L4xx_HAL_Driver/Src/stm32l4xx_hal.o
 .debug_macro   0x00000000000011d6       0x1c Drivers/STM32L4xx_HAL_Driver/Src/stm32l4xx_hal.o
 .debug_macro   0x00000000000011f2       0x22 Drivers/STM32L4xx_HAL_Driver/Src/stm32l4xx_hal.o
 .debug_macro   0x0000000000001214       0xdf Drivers/STM32L4xx_HAL_Driver/Src/stm32l4xx_hal.o
 .debug_macro   0x00000000000012f3     0x102d Drivers/STM32L4xx_HAL_Driver/Src/stm32l4xx_hal.o
 .debug_macro   0x0000000000002320      0x11f Drivers/STM32L4xx_HAL_Driver/Src/stm32l4xx_hal.o
 .debug_macro   0x000000000000243f    0x1a11f Drivers/STM32L4xx_HAL_Driver/Src/stm32l4xx_hal.o
 .debug_macro   0x000000000001c55e       0x43 Drivers/STM32L4xx_HAL_Driver/Src/stm32l4xx_hal.o
 .debug_macro   0x000000000001c5a1     0x3820 Drivers/STM32L4xx_HAL_Driver/Src/stm32l4xx_hal.o
 .debug_macro   0x000000000001fdc1      0x174 Drivers/STM32L4xx_HAL_Driver/Src/stm32l4xx_hal.o
 .debug_macro   0x000000000001ff35       0x5a Drivers/STM32L4xx_HAL_Driver/Src/stm32l4xx_hal.o
 .debug_macro   0x000000000001ff8f     0x155f Drivers/STM32L4xx_HAL_Driver/Src/stm32l4xx_hal.o
 .debug_macro   0x00000000000214ee      0x59e Drivers/STM32L4xx_HAL_Driver/Src/stm32l4xx_hal.o
 .debug_macro   0x0000000000021a8c      0x241 Drivers/STM32L4xx_HAL_Driver/Src/stm32l4xx_hal.o
 .debug_macro   0x0000000000021ccd      0x13d Drivers/STM32L4xx_HAL_Driver/Src/stm32l4xx_hal.o
 .debug_macro   0x0000000000021e0a      0x18b Drivers/STM32L4xx_HAL_Driver/Src/stm32l4xx_hal.o
 .debug_macro   0x0000000000021f95      0x26b Drivers/STM32L4xx_HAL_Driver/Src/stm32l4xx_hal.o
 .debug_macro   0x0000000000022200      0x236 Drivers/STM32L4xx_HAL_Driver/Src/stm32l4xx_hal.o
 .debug_macro   0x0000000000022436      0x408 Drivers/STM32L4xx_HAL_Driver/Src/stm32l4xx_hal.o
 .debug_macro   0x000000000002283e      0x36e Drivers/STM32L4xx_HAL_Driver/Src/stm32l4xx_hal.o
 .debug_macro   0x0000000000022bac       0xe4 Drivers/STM32L4xx_HAL_Driver/Src/stm32l4xx_hal.o
 .debug_macro   0x0000000000022c90      0x22c Drivers/STM32L4xx_HAL_Driver/Src/stm32l4xx_hal.o
 .debug_macro   0x0000000000022ebc       0x5e Drivers/STM32L4xx_HAL_Driver/Src/stm32l4xx_hal.o
 .debug_macro   0x0000000000022f1a       0xa5 Drivers/STM32L4xx_HAL_Driver/Src/stm32l4xx_hal.o
 .debug_macro   0x0000000000022fbf      0x122 Drivers/STM32L4xx_HAL_Driver/Src/stm32l4xx_hal.o
 .debug_macro   0x00000000000230e1      0x3d4 Drivers/STM32L4xx_HAL_Driver/Src/stm32l4xx_hal.o
 .debug_macro   0x00000000000234b5      0x9f7 Drivers/STM32L4xx_HAL_Driver/Src/stm32l4xx_hal.o
 .debug_macro   0x0000000000023eac      0x1e7 Drivers/STM32L4xx_HAL_Driver/Src/stm32l4xx_hal.o
 .debug_macro   0x0000000000024093      0x349 Drivers/STM32L4xx_HAL_Driver/Src/stm32l4xx_hal.o
 .debug_macro   0x00000000000243dc      0x1e7 Drivers/STM32L4xx_HAL_Driver/Src/stm32l4xx_hal_can.o
 .debug_macro   0x00000000000245c3      0x1df Drivers/STM32L4xx_HAL_Driver/Src/stm32l4xx_hal_cortex.o
 .debug_macro   0x00000000000247a2      0x21e Drivers/STM32L4xx_HAL_Driver/Src/stm32l4xx_hal_gpio.o
 .debug_macro   0x00000000000249c0      0x2a4 Drivers/STM32L4xx_HAL_Driver/Src/stm32l4xx_hal_i2c.o
 .debug_macro   0x0000000000024c64      0x1df Drivers/STM32L4xx_HAL_Driver/Src/stm32l4xx_hal_i2c_ex.o
 .debug_macro   0x0000000000024e43      0x203 Drivers/STM32L4xx_HAL_Driver/Src/stm32l4xx_hal_pwr_ex.o
 .debug_macro   0x0000000000025046      0x221 Drivers/STM32L4xx_HAL_Driver/Src/stm32l4xx_hal_rcc.o
 .debug_macro   0x0000000000025267      0x215 Drivers/STM32L4xx_HAL_Driver/Src/stm32l4xx_hal_rcc_ex.o
 .debug_macro   0x000000000002547c      0x1e0 Drivers/STM32L4xx_HAL_Driver/Src/stm32l4xx_hal_tim.o
 .debug_macro   0x000000000002565c      0x1df Drivers/STM32L4xx_HAL_Driver/Src/stm32l4xx_hal_tim_ex.o
 .debug_macro   0x000000000002583b      0x484 Src/main.o
 .debug_macro   0x0000000000025cbf       0x1c Src/main.o
 .debug_macro   0x0000000000025cdb       0x40 Src/main.o
 .debug_macro   0x0000000000025d1b       0x46 Src/main.o
 .debug_macro   0x0000000000025d61      0x34d Src/main.o
 .debug_macro   0x00000000000260ae       0x10 Src/main.o
 .debug_macro   0x00000000000260be       0x1c Src/main.o
 .debug_macro   0x00000000000260da       0x10 Src/main.o
 .debug_macro   0x00000000000260ea       0x10 Src/main.o
 .debug_macro   0x00000000000260fa       0x1c Src/main.o
 .debug_macro   0x0000000000026116       0x52 Src/main.o
 .debug_macro   0x0000000000026168       0x40 Src/main.o
 .debug_macro   0x00000000000261a8       0x10 Src/main.o
 .debug_macro   0x00000000000261b8       0x40 Src/main.o
 .debug_macro   0x00000000000261f8       0xd7 Src/main.o
 .debug_macro   0x00000000000262cf       0x1c Src/main.o
 .debug_macro   0x00000000000262eb       0x3d Src/main.o
 .debug_macro   0x0000000000026328       0x16 Src/main.o
 .debug_macro   0x000000000002633e      0x137 Src/main.o
 .debug_macro   0x0000000000026475      0x1ee Src/stm32l4xx_hal_msp.o
 .debug_macro   0x0000000000026663      0x1f8 Src/stm32l4xx_it.o
 .debug_macro   0x000000000002685b      0x1e5 Src/system_stm32l4xx.o
 .debug_macro   0x0000000000026a40      0x1fd Src/zenith_can_lib.o

.debug_line     0x0000000000000000     0xc234
 .debug_line    0x0000000000000000      0x98a Drivers/STM32L4xx_HAL_Driver/Src/stm32l4xx_hal.o
 .debug_line    0x000000000000098a      0xb95 Drivers/STM32L4xx_HAL_Driver/Src/stm32l4xx_hal_can.o
 .debug_line    0x000000000000151f      0xa15 Drivers/STM32L4xx_HAL_Driver/Src/stm32l4xx_hal_cortex.o
 .debug_line    0x0000000000001f34      0x8aa Drivers/STM32L4xx_HAL_Driver/Src/stm32l4xx_hal_gpio.o
 .debug_line    0x00000000000027de     0x1a62 Drivers/STM32L4xx_HAL_Driver/Src/stm32l4xx_hal_i2c.o
 .debug_line    0x0000000000004240      0x830 Drivers/STM32L4xx_HAL_Driver/Src/stm32l4xx_hal_i2c_ex.o
 .debug_line    0x0000000000004a70      0xa88 Drivers/STM32L4xx_HAL_Driver/Src/stm32l4xx_hal_pwr_ex.o
 .debug_line    0x00000000000054f8      0x9f1 Drivers/STM32L4xx_HAL_Driver/Src/stm32l4xx_hal_rcc.o
 .debug_line    0x0000000000005ee9      0xc72 Drivers/STM32L4xx_HAL_Driver/Src/stm32l4xx_hal_rcc_ex.o
 .debug_line    0x0000000000006b5b     0x1b87 Drivers/STM32L4xx_HAL_Driver/Src/stm32l4xx_hal_tim.o
 .debug_line    0x00000000000086e2      0xdd8 Drivers/STM32L4xx_HAL_Driver/Src/stm32l4xx_hal_tim_ex.o
 .debug_line    0x00000000000094ba      0xf44 Src/main.o
 .debug_line    0x000000000000a3fe      0x7b1 Src/stm32l4xx_hal_msp.o
 .debug_line    0x000000000000abaf      0x79d Src/stm32l4xx_it.o
 .debug_line    0x000000000000b34c      0x712 Src/system_stm32l4xx.o
 .debug_line    0x000000000000ba5e      0x756 Src/zenith_can_lib.o
 .debug_line    0x000000000000c1b4       0x80 Startup/startup_stm32l476rgtx.o

.debug_str      0x0000000000000000    0xf41a9
 .debug_str     0x0000000000000000    0xe7b1a Drivers/STM32L4xx_HAL_Driver/Src/stm32l4xx_hal.o
                                      0xe7fcf (size before relaxing)
 .debug_str     0x00000000000e7b1a      0x6d1 Drivers/STM32L4xx_HAL_Driver/Src/stm32l4xx_hal_can.o
                                      0xe7b89 (size before relaxing)
 .debug_str     0x00000000000e81eb      0x3e6 Drivers/STM32L4xx_HAL_Driver/Src/stm32l4xx_hal_cortex.o
                                      0xe7d4b (size before relaxing)
 .debug_str     0x00000000000e85d1      0x29a Drivers/STM32L4xx_HAL_Driver/Src/stm32l4xx_hal_gpio.o
                                      0xe7777 (size before relaxing)
 .debug_str     0x00000000000e886b     0x103d Drivers/STM32L4xx_HAL_Driver/Src/stm32l4xx_hal_i2c.o
                                      0xe85b6 (size before relaxing)
 .debug_str     0x00000000000e98a8       0xb8 Drivers/STM32L4xx_HAL_Driver/Src/stm32l4xx_hal_i2c_ex.o
                                      0xe7a01 (size before relaxing)
 .debug_str     0x00000000000e9960      0x487 Drivers/STM32L4xx_HAL_Driver/Src/stm32l4xx_hal_pwr_ex.o
                                      0xe79e6 (size before relaxing)
 .debug_str     0x00000000000e9de7      0x4e9 Drivers/STM32L4xx_HAL_Driver/Src/stm32l4xx_hal_rcc.o
                                      0xe7aba (size before relaxing)
 .debug_str     0x00000000000ea2d0      0x5b9 Drivers/STM32L4xx_HAL_Driver/Src/stm32l4xx_hal_rcc_ex.o
                                      0xe7c4b (size before relaxing)
 .debug_str     0x00000000000ea889      0xee5 Drivers/STM32L4xx_HAL_Driver/Src/stm32l4xx_hal_tim.o
                                      0xe8572 (size before relaxing)
 .debug_str     0x00000000000eb76e      0x5d8 Drivers/STM32L4xx_HAL_Driver/Src/stm32l4xx_hal_tim_ex.o
                                      0xe7e93 (size before relaxing)
 .debug_str     0x00000000000ebd46     0x817d Src/main.o
                                      0xf0539 (size before relaxing)
 .debug_str     0x00000000000f3ec3       0x39 Src/stm32l4xx_hal_msp.o
                                      0xe837a (size before relaxing)
 .debug_str     0x00000000000f3efc       0xc8 Src/stm32l4xx_it.o
                                      0xe77ce (size before relaxing)
 .debug_str     0x00000000000f3fc4       0x50 Src/system_stm32l4xx.o
                                      0xe74f3 (size before relaxing)
 .debug_str     0x00000000000f4014      0x164 Src/zenith_can_lib.o
                                      0xe7e42 (size before relaxing)
 .debug_str     0x00000000000f4178       0x31 Startup/startup_stm32l476rgtx.o
                                         0x70 (size before relaxing)

.comment        0x0000000000000000       0x7b
 .comment       0x0000000000000000       0x7b Drivers/STM32L4xx_HAL_Driver/Src/stm32l4xx_hal.o
                                         0x7c (size before relaxing)
 .comment       0x000000000000007b       0x7c Drivers/STM32L4xx_HAL_Driver/Src/stm32l4xx_hal_can.o
 .comment       0x000000000000007b       0x7c Drivers/STM32L4xx_HAL_Driver/Src/stm32l4xx_hal_cortex.o
 .comment       0x000000000000007b       0x7c Drivers/STM32L4xx_HAL_Driver/Src/stm32l4xx_hal_gpio.o
 .comment       0x000000000000007b       0x7c Drivers/STM32L4xx_HAL_Driver/Src/stm32l4xx_hal_i2c.o
 .comment       0x000000000000007b       0x7c Drivers/STM32L4xx_HAL_Driver/Src/stm32l4xx_hal_i2c_ex.o
 .comment       0x000000000000007b       0x7c Drivers/STM32L4xx_HAL_Driver/Src/stm32l4xx_hal_pwr_ex.o
 .comment       0x000000000000007b       0x7c Drivers/STM32L4xx_HAL_Driver/Src/stm32l4xx_hal_rcc.o
 .comment       0x000000000000007b       0x7c Drivers/STM32L4xx_HAL_Driver/Src/stm32l4xx_hal_rcc_ex.o
 .comment       0x000000000000007b       0x7c Drivers/STM32L4xx_HAL_Driver/Src/stm32l4xx_hal_tim.o
 .comment       0x000000000000007b       0x7c Drivers/STM32L4xx_HAL_Driver/Src/stm32l4xx_hal_tim_ex.o
 .comment       0x000000000000007b       0x7c Src/main.o
 .comment       0x000000000000007b       0x7c Src/stm32l4xx_hal_msp.o
 .comment       0x000000000000007b       0x7c Src/stm32l4xx_it.o
 .comment       0x000000000000007b       0x7c Src/system_stm32l4xx.o
 .comment       0x000000000000007b       0x7c Src/zenith_can_lib.o

.debug_frame    0x0000000000000000     0x43ac
 .debug_frame   0x0000000000000000      0x498 Drivers/STM32L4xx_HAL_Driver/Src/stm32l4xx_hal.o
 .debug_frame   0x0000000000000498      0x5a0 Drivers/STM32L4xx_HAL_Driver/Src/stm32l4xx_hal_can.o
 .debug_frame   0x0000000000000a38      0x498 Drivers/STM32L4xx_HAL_Driver/Src/stm32l4xx_hal_cortex.o
 .debug_frame   0x0000000000000ed0      0x14c Drivers/STM32L4xx_HAL_Driver/Src/stm32l4xx_hal_gpio.o
 .debug_frame   0x000000000000101c      0xbc0 Drivers/STM32L4xx_HAL_Driver/Src/stm32l4xx_hal_i2c.o
 .debug_frame   0x0000000000001bdc      0x100 Drivers/STM32L4xx_HAL_Driver/Src/stm32l4xx_hal_i2c_ex.o
 .debug_frame   0x0000000000001cdc      0x524 Drivers/STM32L4xx_HAL_Driver/Src/stm32l4xx_hal_pwr_ex.o
 .debug_frame   0x0000000000002200      0x1f4 Drivers/STM32L4xx_HAL_Driver/Src/stm32l4xx_hal_rcc.o
 .debug_frame   0x00000000000023f4      0x2fc Drivers/STM32L4xx_HAL_Driver/Src/stm32l4xx_hal_rcc_ex.o
 .debug_frame   0x00000000000026f0     0x1148 Drivers/STM32L4xx_HAL_Driver/Src/stm32l4xx_hal_tim.o
 .debug_frame   0x0000000000003838      0x638 Drivers/STM32L4xx_HAL_Driver/Src/stm32l4xx_hal_tim_ex.o
 .debug_frame   0x0000000000003e70      0x190 Src/main.o
 .debug_frame   0x0000000000004000      0x134 Src/stm32l4xx_hal_msp.o
 .debug_frame   0x0000000000004134      0x128 Src/stm32l4xx_it.o
 .debug_frame   0x000000000000425c       0x58 Src/system_stm32l4xx.o
 .debug_frame   0x00000000000042b4       0xac Src/zenith_can_lib.o
 .debug_frame   0x0000000000004360       0x2c c:/st/stm32cubeide_1.0.0/stm32cubeide/plugins/com.st.stm32cube.ide.mcu.externaltools.gnu-tools-for-stm32.7-2018-q2-update.win32_1.0.0.201904181610/tools/bin/../lib/gcc/arm-none-eabi/7.3.1/../../../../arm-none-eabi/lib/thumb/v7e-m/fpv4-sp/hard\libc_nano.a(lib_a-init.o)
 .debug_frame   0x000000000000438c       0x20 c:/st/stm32cubeide_1.0.0/stm32cubeide/plugins/com.st.stm32cube.ide.mcu.externaltools.gnu-tools-for-stm32.7-2018-q2-update.win32_1.0.0.201904181610/tools/bin/../lib/gcc/arm-none-eabi/7.3.1/../../../../arm-none-eabi/lib/thumb/v7e-m/fpv4-sp/hard\libc_nano.a(lib_a-memset.o)
